02-09 18:08:08.859  1918  6248 D ActivityManager: checkAllowBackground: uid=10378 pkg=com.instagram.android startMode=2 onallowlist=false onallowlist(ei)=false
02-09 18:08:08.859  1918  2382 D ActivityManager: checkAllowBackground: uid=10378 pkg=com.instagram.android rec=UidRecord{d7bef20 u0a378 CEM  idle change:cached|procstate|procadj procs:0 seq(832266,828619)} caps=------ always=true idle=true
02-09 18:08:08.859  1918  2382 I ActivityManager: App 10378/com.instagram.android targets O+, restricted
02-09 18:08:08.859  1918  2382 D ActivityManager: checkAllowBackground: uid=10378 pkg=com.instagram.android startMode=2 onallowlist=false onallowlist(ei)=false
02-09 18:08:08.861  1918  3123 I MiuiNetworkPolicy: updateUidState uid = 10378, uidState = 11
02-09 18:08:08.913  3997  3997 D ArtChoreographerMonitor: invoke error.
02-09 18:08:09.033  1918  3977 D SLM-SRV-SLAService: checktemp temperature = 38653 temperature_average = 38734 isPerformanceMode = false thermal_enable_slm = true
02-09 18:08:09.195  1918  3242 I SmartPower: com.google.android.permissioncontroller/10210(32471): background->idle(3000ms) R(service unbind com.google.android.permissioncontroller/com.android.role.controller.service.RoleControllerServiceImpl) adj=905.
02-09 18:08:09.228  3908  3930 I Tethering: [BpfCoordinator] onAlertReached
02-09 18:08:09.410  3990  3990 D DynamicService: PhoneStateListener.onDataActivity: direction=3
02-09 18:08:09.410  3990  3990 D DynamicService: modem or radio power state change,messageType: 128 state: 3
02-09 18:08:09.410  3990  3990 D DynamicService: listeners is null or md controller is disable!!!
02-09 18:08:09.410  3990  3990 D DynamicService_WifiBt: PhoneStateListener.onDataActivity: direction=3
02-09 18:08:09.410  3990  3990 D DynamicService_WifiBt: modem or radio power state change,messageType: 128 state: 3
02-09 18:08:09.410  3990  3990 D WifiSarController: onStateChanged: type = 2, value = 1
02-09 18:08:09.410  3997  4240 D NetworkController.MobileSignalController(2): notifyListeners: mFeatureRelayData=false
02-09 18:08:09.411  3997  3997 D ArtChoreographerMonitor: invoke error.
02-09 18:08:09.423  1289  1289 E vendor.qti.hardware.perf@2.2-service: Unknown params
02-09 18:08:09.423  1289  1289 E ANDR-PERF-DATA-POOL: EventDataPool is Full
02-09 18:08:09.423  1289  1289 E ANDR-PERF-MPCTL: perf request submission limit reached.
02-09 18:08:09.586  3997  3997 D ArtChoreographerMonitor: invoke error.
02-09 18:08:09.864  1918 11180 D ActivityManager: checkAllowBackground: uid=10378 pkg=com.instagram.android rec=UidRecord{d7bef20 u0a378 CEM  idle change:cached|procstate|procadj procs:0 seq(832268,828619)} caps=------ always=true idle=true
02-09 18:08:09.864  1918  3123 I MiuiNetworkPolicy: updateUidState uid = 10378, uidState = 19
02-09 18:08:09.864  1918 11180 I ActivityManager: App 10378/com.instagram.android targets O+, restricted
02-09 18:08:09.864  1918 11180 D ActivityManager: checkAllowBackground: uid=10378 pkg=com.instagram.android startMode=2 onallowlist=false onallowlist(ei)=false
02-09 18:08:09.864  1918  2382 D ActivityManager: checkAllowBackground: uid=10378 pkg=com.instagram.android rec=UidRecord{d7bef20 u0a378 CEM  idle change:cached|procstate|procadj procs:0 seq(832268,828619)} caps=------ always=true idle=true
02-09 18:08:09.864  1918  2382 I ActivityManager: App 10378/com.instagram.android targets O+, restricted
02-09 18:08:09.864  1918  2382 D ActivityManager: checkAllowBackground: uid=10378 pkg=com.instagram.android startMode=2 onallowlist=false onallowlist(ei)=false
02-09 18:08:09.866  1918  3123 I MiuiNetworkPolicy: updateUidState uid = 10378, uidState = 11
02-09 18:08:10.289  1918  2003 D HighMemoryManager: Java Memory used=115M max=512M. is system: true
02-09 18:08:10.289  1918  2003 V HighMemoryManager: Check mem usage finished! Next check delay: 0
02-09 18:08:10.419  3990  3990 D TelephonyManager: requestModemActivityInfo: Sending result to app: ModemActivityInfo{ mTimestamp=87292925 mSleepTimeMs=49959674 mIdleTimeMs=889546 mActivityStatsTechSpecificInfo=[{mRat=UNKNOWN,mFrequencyRange=UNKNOWN,mTxTimeMs[]=[428548, 955412, 1134264, 559858, 657518],mRxTimeMs=34854418}]}
02-09 18:08:10.420  3990  3990 E PhoneInterfaceManager: queryModemActivityInfo: invalid response
02-09 18:08:10.420  3990  3990 D TelephonyManager: requestModemActivityInfo: Sending result to app: ModemActivityInfo{ mTimestamp=87292925 mSleepTimeMs=49959674 mIdleTimeMs=889546 mActivityStatsTechSpecificInfo=[{mRat=UNKNOWN,mFrequencyRange=UNKNOWN,mTxTimeMs[]=[428548, 955412, 1134264, 559858, 657518],mRxTimeMs=34854418}]}
02-09 18:08:10.868  1918  3123 I MiuiNetworkPolicy: updateUidState uid = 10378, uidState = 19
02-09 18:08:11.662  1918  3242 I SmartPower: com.instagram.android/10378(32099): background->idle(183990ms) R(broadcast end Intent { act=com.facebook.rti.intent.ACTION_FBNS_STARTED flg=0x10 pkg=com.instagram.android (has extras) }) adj=905.
02-09 18:08:12.733  3997  3997 D ArtChoreographerMonitor: invoke error.
02-09 18:08:12.749  1289  1289 E vendor.qti.hardware.perf@2.2-service: Unknown params
02-09 18:08:12.749  1289  1289 E ANDR-PERF-DATA-POOL: EventDataPool is Full
02-09 18:08:12.749  1289  1289 E ANDR-PERF-MPCTL: perf request submission limit reached.
02-09 18:08:12.920  3997  3997 D ArtChoreographerMonitor: invoke error.
02-09 18:08:13.423  3997  4240 D NetworkController.MobileSignalController(2): notifyListeners: mFeatureRelayData=false
02-09 18:08:13.424  3990  3990 D DynamicService: PhoneStateListener.onDataActivity: direction=0
02-09 18:08:13.424  3990  3990 D DynamicService: modem or radio power state change,messageType: 128 state: 0
02-09 18:08:13.424  3990  3990 D DynamicService: listeners is null or md controller is disable!!!
02-09 18:08:13.424  3990  3990 D DynamicService_WifiBt: PhoneStateListener.onDataActivity: direction=0
02-09 18:08:13.424  3990  3990 D DynamicService_WifiBt: modem or radio power state change,messageType: 128 state: 0
02-09 18:08:13.424  3990  3990 D WifiSarController: onStateChanged: type = 2, value = 0
02-09 18:08:13.424  3997  3997 D ArtChoreographerMonitor: invoke error.
02-09 18:08:13.433  1289  1289 E vendor.qti.hardware.perf@2.2-service: Unknown params
02-09 18:08:13.433  1289  1289 E ANDR-PERF-DATA-POOL: EventDataPool is Full
02-09 18:08:13.433  1289  1289 E ANDR-PERF-MPCTL: perf request submission limit reached.
02-09 18:08:13.596  3997  3997 D ArtChoreographerMonitor: invoke error.
02-09 18:08:14.232  3908  3930 I Tethering: [BpfCoordinator] onAlertReached
02-09 18:08:14.820  1918  2831 W ProcessStats: Tracking association SourceState{372722c com.miui.securitycenter.remote/1000 BTop #181974} whose proc state 2 is better than process ProcessState{5320215 com.miui.analytics/10095 pkg=com.miui.analytics} proc state 5 (77 skipped)
02-09 18:08:15.243  8642 10212 D TrafficManageService: onThresholdReached: activeSlotNum= 0
02-09 18:08:15.245  8642 10212 D TrafficManageService-TrafficSimManager: notifyByNetChange:0, gooooo
02-09 18:08:15.273  8642 10212 D TrafficManageService-TrafficSimManager: getMonthDataUsageUsed: new_get = 33218927909
02-09 18:08:15.273  8642 10212 D TrafficManageService-TrafficSimManager: checkNormalTrafficStatus: -1,used:33218927909
02-09 18:08:15.274  8642 10212 D TrafficManageService: updateDateUsageUpdate: smartDualSimSettings = 0
02-09 18:08:15.431  3997  4240 D NetworkController.MobileSignalController(2): notifyListeners: mFeatureRelayData=false
02-09 18:08:15.432  3990  3990 D DynamicService: PhoneStateListener.onDataActivity: direction=3
02-09 18:08:15.432  3990  3990 D DynamicService: modem or radio power state change,messageType: 128 state: 3
02-09 18:08:15.432  3990  3990 D DynamicService: listeners is null or md controller is disable!!!
02-09 18:08:15.432  3990  3990 D DynamicService_WifiBt: PhoneStateListener.onDataActivity: direction=3
02-09 18:08:15.432  3990  3990 D DynamicService_WifiBt: modem or radio power state change,messageType: 128 state: 3
02-09 18:08:15.432  3990  3990 D WifiSarController: onStateChanged: type = 2, value = 1
02-09 18:08:15.432  3997  3997 D ArtChoreographerMonitor: invoke error.
02-09 18:08:15.433  3990  3990 D TelephonyManager: requestModemActivityInfo: Sending result to app: ModemActivityInfo{ mTimestamp=87297940 mSleepTimeMs=49961136 mIdleTimeMs=889627 mActivityStatsTechSpecificInfo=[{mRat=UNKNOWN,mFrequencyRange=UNKNOWN,mTxTimeMs[]=[428548, 955436, 1134289, 559882, 657518],mRxTimeMs=34857817}]}
02-09 18:08:15.434  3990  3990 E PhoneInterfaceManager: queryModemActivityInfo: invalid response
02-09 18:08:15.434  3990  3990 D TelephonyManager: requestModemActivityInfo: Sending result to app: ModemActivityInfo{ mTimestamp=87297940 mSleepTimeMs=49961136 mIdleTimeMs=889627 mActivityStatsTechSpecificInfo=[{mRat=UNKNOWN,mFrequencyRange=UNKNOWN,mTxTimeMs[]=[428548, 955436, 1134289, 559882, 657518],mRxTimeMs=34857817}]}
02-09 18:08:15.445  1289  1289 E vendor.qti.hardware.perf@2.2-service: Unknown params
02-09 18:08:15.445  1289  1289 E ANDR-PERF-DATA-POOL: EventDataPool is Full
02-09 18:08:15.445  1289  1289 E ANDR-PERF-MPCTL: perf request submission limit reached.
02-09 18:08:15.608  3997  3997 D ArtChoreographerMonitor: invoke error.
02-09 18:08:16.433  3990  3990 D DynamicService: PhoneStateListener.onDataActivity: direction=0
02-09 18:08:16.433  3990  3990 D DynamicService: modem or radio power state change,messageType: 128 state: 0
02-09 18:08:16.433  3990  3990 D DynamicService: listeners is null or md controller is disable!!!
02-09 18:08:16.433  3990  3990 D DynamicService_WifiBt: PhoneStateListener.onDataActivity: direction=0
02-09 18:08:16.433  3990  3990 D DynamicService_WifiBt: modem or radio power state change,messageType: 128 state: 0
02-09 18:08:16.433  3990  3990 D WifiSarController: onStateChanged: type = 2, value = 0
02-09 18:08:16.433  3997  4240 D NetworkController.MobileSignalController(2): notifyListeners: mFeatureRelayData=false
02-09 18:08:16.434  3997  3997 D ArtChoreographerMonitor: invoke error.
02-09 18:08:16.439  1289  1289 E vendor.qti.hardware.perf@2.2-service: Unknown params
02-09 18:08:16.439  1289  1289 E ANDR-PERF-DATA-POOL: EventDataPool is Full
02-09 18:08:16.439  1289  1289 E ANDR-PERF-MPCTL: perf request submission limit reached.
02-09 18:08:16.601  3997  3997 D ArtChoreographerMonitor: invoke error.
02-09 18:08:16.735  3997  3997 D ArtChoreographerMonitor: invoke error.
02-09 18:08:16.748  1289  1289 E vendor.qti.hardware.perf@2.2-service: Unknown params
02-09 18:08:16.748  1289  1289 E ANDR-PERF-DATA-POOL: EventDataPool is Full
02-09 18:08:16.748  1289  1289 E ANDR-PERF-MPCTL: perf request submission limit reached.
02-09 18:08:16.925  3997  3997 D ArtChoreographerMonitor: invoke error.
02-09 18:08:17.435  3990  3990 D DynamicService: PhoneStateListener.onDataActivity: direction=3
02-09 18:08:17.435  3990  3990 D DynamicService: modem or radio power state change,messageType: 128 state: 3
02-09 18:08:17.435  3990  3990 D DynamicService: listeners is null or md controller is disable!!!
02-09 18:08:17.435  3990  3990 D DynamicService_WifiBt: PhoneStateListener.onDataActivity: direction=3
02-09 18:08:17.435  3990  3990 D DynamicService_WifiBt: modem or radio power state change,messageType: 128 state: 3
02-09 18:08:17.435  3990  3990 D WifiSarController: onStateChanged: type = 2, value = 1
02-09 18:08:17.436  3997  4240 D NetworkController.MobileSignalController(2): notifyListeners: mFeatureRelayData=false
02-09 18:08:17.437  3997  3997 D ArtChoreographerMonitor: invoke error.
02-09 18:08:17.449  1289  1289 E vendor.qti.hardware.perf@2.2-service: Unknown params
02-09 18:08:17.449  1289  1289 E ANDR-PERF-DATA-POOL: EventDataPool is Full
02-09 18:08:17.449  1289  1289 E ANDR-PERF-MPCTL: perf request submission limit reached.
02-09 18:08:17.611  3997  3997 D ArtChoreographerMonitor: invoke error.
02-09 18:08:19.038  1918  3977 D SLM-SRV-SLAService: checktemp temperature = 38645 temperature_average = 38687 isPerformanceMode = false thermal_enable_slm = true
02-09 18:08:19.219  3908  3930 E NetlinkUtils: receiveNetlinkAck, errmsg=NetlinkErrorMessage{ nlmsghdr{StructNlMsgHdr{ nlmsg_len{100}, nlmsg_type{2()}, nlmsg_flags{0()}, nlmsg_seq{1}, nlmsg_pid{-204878356} }}, nlmsgerr{StructNlMsgErr{ error{-2}, msg{StructNlMsgHdr{ nlmsg_len{80}, nlmsg_type{256()}, nlmsg_flags{261(NLM_F_REQUEST|NLM_F_ACK|NLM_F_ROOT)}, nlmsg_seq{1}, nlmsg_pid{0} }} }} }
02-09 18:08:19.219  3908  3930 W Tethering: [BpfCoordinator] WARN Failed to update conntrack entry (proto: 6, src4: /10.176.150.65, srcPort: 64224, dst4: /34.54.84.110, dstPort: 443), msg: 50000000000105010100000000000000020000003400018014000180080001000AB09641080002002236546E1C000280050001000600000006000200FAE000000600030001BB00000800070000069780, e: android.system.ErrnoException: NetlinkErrorMessage{ nlmsghdr{StructNlMsgHdr{ nlmsg_len{100}, nlmsg_type{2()}, nlmsg_flags{0()}, nlmsg_seq{1}, nlmsg_pid{-204878356} }}, nlmsgerr{StructNlMsgErr{ error{-2}, msg{StructNlMsgHdr{ nlmsg_len{80}, nlmsg_type{256()}, nlmsg_flags{261(NLM_F_REQUEST|NLM_F_ACK|NLM_F_ROOT)}, nlmsg_seq{1}, nlmsg_pid{0} }} }} } failed: ENOENT (No such file or directory)
02-09 18:08:19.225  3908  3930 E NetlinkUtils: receiveNetlinkAck, errmsg=NetlinkErrorMessage{ nlmsghdr{StructNlMsgHdr{ nlmsg_len{100}, nlmsg_type{2()}, nlmsg_flags{0()}, nlmsg_seq{1}, nlmsg_pid{-1936117343} }}, nlmsgerr{StructNlMsgErr{ error{-2}, msg{StructNlMsgHdr{ nlmsg_len{80}, nlmsg_type{256()}, nlmsg_flags{261(NLM_F_REQUEST|NLM_F_ACK|NLM_F_ROOT)}, nlmsg_seq{1}, nlmsg_pid{0} }} }} }
02-09 18:08:19.225  3908  3930 W Tethering: [BpfCoordinator] WARN Failed to update conntrack entry (proto: 6, src4: /10.176.150.65, srcPort: 51264, dst4: /34.54.84.110, dstPort: 443), msg: 50000000000105010100000000000000020000003400018014000180080001000AB09641080002002236546E1C000280050001000600000006000200C84000000600030001BB00000800070000069780, e: android.system.ErrnoException: NetlinkErrorMessage{ nlmsghdr{StructNlMsgHdr{ nlmsg_len{100}, nlmsg_type{2()}, nlmsg_flags{0()}, nlmsg_seq{1}, nlmsg_pid{-1936117343} }}, nlmsgerr{StructNlMsgErr{ error{-2}, msg{StructNlMsgHdr{ nlmsg_len{80}, nlmsg_type{256()}, nlmsg_flags{261(NLM_F_REQUEST|NLM_F_ACK|NLM_F_ROOT)}, nlmsg_seq{1}, nlmsg_pid{0} }} }} } failed: ENOENT (No such file or directory)
02-09 18:08:19.236  3908  3930 E NetlinkUtils: receiveNetlinkAck, errmsg=NetlinkErrorMessage{ nlmsghdr{StructNlMsgHdr{ nlmsg_len{100}, nlmsg_type{2()}, nlmsg_flags{0()}, nlmsg_seq{1}, nlmsg_pid{-710455432} }}, nlmsgerr{StructNlMsgErr{ error{-2}, msg{StructNlMsgHdr{ nlmsg_len{80}, nlmsg_type{256()}, nlmsg_flags{261(NLM_F_REQUEST|NLM_F_ACK|NLM_F_ROOT)}, nlmsg_seq{1}, nlmsg_pid{0} }} }} }
02-09 18:08:19.236  3908  3930 W Tethering: [BpfCoordinator] WARN Failed to update conntrack entry (proto: 6, src4: /10.176.150.65, srcPort: 51262, dst4: /20.50.73.8, dstPort: 443), msg: 50000000000105010100000000000000020000003400018014000180080001000AB0964108000200143249081C000280050001000600000006000200C83E00000600030001BB00000800070000069780, e: android.system.ErrnoException: NetlinkErrorMessage{ nlmsghdr{StructNlMsgHdr{ nlmsg_len{100}, nlmsg_type{2()}, nlmsg_flags{0()}, nlmsg_seq{1}, nlmsg_pid{-710455432} }}, nlmsgerr{StructNlMsgErr{ error{-2}, msg{StructNlMsgHdr{ nlmsg_len{80}, nlmsg_type{256()}, nlmsg_flags{261(NLM_F_REQUEST|NLM_F_ACK|NLM_F_ROOT)}, nlmsg_seq{1}, nlmsg_pid{0} }} }} } failed: ENOENT (No such file or directory)
02-09 18:08:19.240  3908  3930 E NetlinkUtils: receiveNetlinkAck, errmsg=NetlinkErrorMessage{ nlmsghdr{StructNlMsgHdr{ nlmsg_len{100}, nlmsg_type{2()}, nlmsg_flags{0()}, nlmsg_seq{1}, nlmsg_pid{-1296351257} }}, nlmsgerr{StructNlMsgErr{ error{-2}, msg{StructNlMsgHdr{ nlmsg_len{80}, nlmsg_type{256()}, nlmsg_flags{261(NLM_F_REQUEST|NLM_F_ACK|NLM_F_ROOT)}, nlmsg_seq{1}, nlmsg_pid{0} }} }} }
02-09 18:08:19.240  3908  3930 W Tethering: [BpfCoordinator] WARN Failed to update conntrack entry (proto: 6, src4: /10.176.150.65, srcPort: 49672, dst4: /20.50.73.8, dstPort: 443), msg: 50000000000105010100000000000000020000003400018014000180080001000AB0964108000200143249081C000280050001000600000006000200C20800000600030001BB00000800070000069780, e: android.system.ErrnoException: NetlinkErrorMessage{ nlmsghdr{StructNlMsgHdr{ nlmsg_len{100}, nlmsg_type{2()}, nlmsg_flags{0()}, nlmsg_seq{1}, nlmsg_pid{-1296351257} }}, nlmsgerr{StructNlMsgErr{ error{-2}, msg{StructNlMsgHdr{ nlmsg_len{80}, nlmsg_type{256()}, nlmsg_flags{261(NLM_F_REQUEST|NLM_F_ACK|NLM_F_ROOT)}, nlmsg_seq{1}, nlmsg_pid{0} }} }} } failed: ENOENT (No such file or directory)
02-09 18:08:19.261  3908  3930 E NetlinkUtils: receiveNetlinkAck, errmsg=NetlinkErrorMessage{ nlmsghdr{StructNlMsgHdr{ nlmsg_len{100}, nlmsg_type{2()}, nlmsg_flags{0()}, nlmsg_seq{1}, nlmsg_pid{-191484672} }}, nlmsgerr{StructNlMsgErr{ error{-2}, msg{StructNlMsgHdr{ nlmsg_len{80}, nlmsg_type{256()}, nlmsg_flags{261(NLM_F_REQUEST|NLM_F_ACK|NLM_F_ROOT)}, nlmsg_seq{1}, nlmsg_pid{0} }} }} }
02-09 18:08:19.261  3908  3930 W Tethering: [BpfCoordinator] WARN Failed to update conntrack entry (proto: 6, src4: /10.176.150.65, srcPort: 51264, dst4: /34.54.84.110, dstPort: 443), msg: 50000000000105010100000000000000020000003400018014000180080001000AB09641080002002236546E1C000280050001000600000006000200C84000000600030001BB00000800070000069780, e: android.system.ErrnoException: NetlinkErrorMessage{ nlmsghdr{StructNlMsgHdr{ nlmsg_len{100}, nlmsg_type{2()}, nlmsg_flags{0()}, nlmsg_seq{1}, nlmsg_pid{-191484672} }}, nlmsgerr{StructNlMsgErr{ error{-2}, msg{StructNlMsgHdr{ nlmsg_len{80}, nlmsg_type{256()}, nlmsg_flags{261(NLM_F_REQUEST|NLM_F_ACK|NLM_F_ROOT)}, nlmsg_seq{1}, nlmsg_pid{0} }} }} } failed: ENOENT (No such file or directory)
02-09 18:08:19.271  3908  3930 E NetlinkUtils: receiveNetlinkAck, errmsg=NetlinkErrorMessage{ nlmsghdr{StructNlMsgHdr{ nlmsg_len{100}, nlmsg_type{2()}, nlmsg_flags{0()}, nlmsg_seq{1}, nlmsg_pid{-1569427942} }}, nlmsgerr{StructNlMsgErr{ error{-2}, msg{StructNlMsgHdr{ nlmsg_len{80}, nlmsg_type{256()}, nlmsg_flags{261(NLM_F_REQUEST|NLM_F_ACK|NLM_F_ROOT)}, nlmsg_seq{1}, nlmsg_pid{0} }} }} }
02-09 18:08:19.271  3908  3930 W Tethering: [BpfCoordinator] WARN Failed to update conntrack entry (proto: 6, src4: /10.176.150.65, srcPort: 49672, dst4: /20.50.73.8, dstPort: 443), msg: 50000000000105010100000000000000020000003400018014000180080001000AB0964108000200143249081C000280050001000600000006000200C20800000600030001BB00000800070000069780, e: android.system.ErrnoException: NetlinkErrorMessage{ nlmsghdr{StructNlMsgHdr{ nlmsg_len{100}, nlmsg_type{2()}, nlmsg_flags{0()}, nlmsg_seq{1}, nlmsg_pid{-1569427942} }}, nlmsgerr{StructNlMsgErr{ error{-2}, msg{StructNlMsgHdr{ nlmsg_len{80}, nlmsg_type{256()}, nlmsg_flags{261(NLM_F_REQUEST|NLM_F_ACK|NLM_F_ROOT)}, nlmsg_seq{1}, nlmsg_pid{0} }} }} } failed: ENOENT (No such file or directory)
02-09 18:08:19.277  3908  3930 E NetlinkUtils: receiveNetlinkAck, errmsg=NetlinkErrorMessage{ nlmsghdr{StructNlMsgHdr{ nlmsg_len{100}, nlmsg_type{2()}, nlmsg_flags{0()}, nlmsg_seq{1}, nlmsg_pid{-116615010} }}, nlmsgerr{StructNlMsgErr{ error{-2}, msg{StructNlMsgHdr{ nlmsg_len{80}, nlmsg_type{256()}, nlmsg_flags{261(NLM_F_REQUEST|NLM_F_ACK|NLM_F_ROOT)}, nlmsg_seq{1}, nlmsg_pid{0} }} }} }
02-09 18:08:19.277  3908  3930 W Tethering: [BpfCoordinator] WARN Failed to update conntrack entry (proto: 6, src4: /10.176.150.65, srcPort: 64224, dst4: /34.54.84.110, dstPort: 443), msg: 50000000000105010100000000000000020000003400018014000180080001000AB09641080002002236546E1C000280050001000600000006000200FAE000000600030001BB00000800070000069780, e: android.system.ErrnoException: NetlinkErrorMessage{ nlmsghdr{StructNlMsgHdr{ nlmsg_len{100}, nlmsg_type{2()}, nlmsg_flags{0()}, nlmsg_seq{1}, nlmsg_pid{-116615010} }}, nlmsgerr{StructNlMsgErr{ error{-2}, msg{StructNlMsgHdr{ nlmsg_len{80}, nlmsg_type{256()}, nlmsg_flags{261(NLM_F_REQUEST|NLM_F_ACK|NLM_F_ROOT)}, nlmsg_seq{1}, nlmsg_pid{0} }} }} } failed: ENOENT (No such file or directory)
02-09 18:08:19.283  3908  3930 E NetlinkUtils: receiveNetlinkAck, errmsg=NetlinkErrorMessage{ nlmsghdr{StructNlMsgHdr{ nlmsg_len{100}, nlmsg_type{2()}, nlmsg_flags{0()}, nlmsg_seq{1}, nlmsg_pid{-1733028148} }}, nlmsgerr{StructNlMsgErr{ error{-2}, msg{StructNlMsgHdr{ nlmsg_len{80}, nlmsg_type{256()}, nlmsg_flags{261(NLM_F_REQUEST|NLM_F_ACK|NLM_F_ROOT)}, nlmsg_seq{1}, nlmsg_pid{0} }} }} }
02-09 18:08:19.283  3908  3930 W Tethering: [BpfCoordinator] WARN Failed to update conntrack entry (proto: 6, src4: /10.176.150.65, srcPort: 51262, dst4: /20.50.73.8, dstPort: 443), msg: 50000000000105010100000000000000020000003400018014000180080001000AB0964108000200143249081C000280050001000600000006000200C83E00000600030001BB00000800070000069780, e: android.system.ErrnoException: NetlinkErrorMessage{ nlmsghdr{StructNlMsgHdr{ nlmsg_len{100}, nlmsg_type{2()}, nlmsg_flags{0()}, nlmsg_seq{1}, nlmsg_pid{-1733028148} }}, nlmsgerr{StructNlMsgErr{ error{-2}, msg{StructNlMsgHdr{ nlmsg_len{80}, nlmsg_type{256()}, nlmsg_flags{261(NLM_F_REQUEST|NLM_F_ACK|NLM_F_ROOT)}, nlmsg_seq{1}, nlmsg_pid{0} }} }} } failed: ENOENT (No such file or directory)
02-09 18:08:19.442  3990  3990 D DynamicService: PhoneStateListener.onDataActivity: direction=1
02-09 18:08:19.442  3990  3990 D DynamicService: modem or radio power state change,messageType: 128 state: 1
02-09 18:08:19.442  3990  3990 D DynamicService_WifiBt: PhoneStateListener.onDataActivity: direction=1
02-09 18:08:19.442  3990  3990 D DynamicService_WifiBt: modem or radio power state change,messageType: 128 state: 1
02-09 18:08:19.442  3997  4240 D NetworkController.MobileSignalController(2): notifyListeners: mFeatureRelayData=false
02-09 18:08:19.445  3997  3997 D ArtChoreographerMonitor: invoke error.
02-09 18:08:19.453  1289  1289 E vendor.qti.hardware.perf@2.2-service: Unknown params
02-09 18:08:19.453  1289  1289 E ANDR-PERF-DATA-POOL: EventDataPool is Full
02-09 18:08:19.453  1289  1289 E ANDR-PERF-MPCTL: perf request submission limit reached.
02-09 18:08:19.618  3997  3997 D ArtChoreographerMonitor: invoke error.
02-09 18:08:20.445  3990  3990 D DynamicService: PhoneStateListener.onDataActivity: direction=0
02-09 18:08:20.445  3990  3990 D DynamicService: modem or radio power state change,messageType: 128 state: 0
02-09 18:08:20.445  3990  3990 D DynamicService: listeners is null or md controller is disable!!!
02-09 18:08:20.445  3990  3990 D DynamicService_WifiBt: PhoneStateListener.onDataActivity: direction=0
02-09 18:08:20.445  3990  3990 D DynamicService_WifiBt: modem or radio power state change,messageType: 128 state: 0
02-09 18:08:20.445  3990  3990 D WifiSarController: onStateChanged: type = 2, value = 0
02-09 18:08:20.445  3997  4240 D NetworkController.MobileSignalController(2): notifyListeners: mFeatureRelayData=false
02-09 18:08:20.447  3997  3997 D ArtChoreographerMonitor: invoke error.
02-09 18:08:20.456  1289  1289 E vendor.qti.hardware.perf@2.2-service: Unknown params
02-09 18:08:20.457  1289  1289 E ANDR-PERF-DATA-POOL: EventDataPool is Full
02-09 18:08:20.457  1289  1289 E ANDR-PERF-MPCTL: perf request submission limit reached.
02-09 18:08:20.619  3997  3997 D ArtChoreographerMonitor: invoke error.
02-09 18:08:20.737  3997  3997 D ArtChoreographerMonitor: invoke error.
02-09 18:08:20.750  1289  1289 E vendor.qti.hardware.perf@2.2-service: Unknown params
02-09 18:08:20.750  1289  1289 E ANDR-PERF-DATA-POOL: EventDataPool is Full
02-09 18:08:20.750  1289  1289 E ANDR-PERF-MPCTL: perf request submission limit reached.
02-09 18:08:20.926  3997  3997 D ArtChoreographerMonitor: invoke error.
02-09 18:08:22.742  5100  5372 I BtGatt.ScanManager: msg.what = MSG_CHECK_SCAN_STATUS, msg.arg1 = CHECK_BACKGROUND_TIMEOUT
02-09 18:08:24.291  3908  3930 I Tethering: [BpfCoordinator] onAlertReached
02-09 18:08:24.746  3997  3997 D ArtChoreographerMonitor: invoke error.
02-09 18:08:24.761  1289  1289 E vendor.qti.hardware.perf@2.2-service: Unknown params
02-09 18:08:24.762  1289  1289 E ANDR-PERF-DATA-POOL: EventDataPool is Full
02-09 18:08:24.762  1289  1289 E ANDR-PERF-MPCTL: perf request submission limit reached.
02-09 18:08:24.933  3997  3997 D ArtChoreographerMonitor: invoke error.
02-09 18:08:25.415  1918  2365 D HeapUsage Monitor: HeapAllocSize : 121MB; monitorSize : 500MB
02-09 18:08:25.466  3997  4240 D NetworkController.MobileSignalController(2): notifyListeners: mFeatureRelayData=false
02-09 18:08:25.467  3997  3997 D ArtChoreographerMonitor: invoke error.
02-09 18:08:25.470  3990  3990 D DynamicService: PhoneStateListener.onDataActivity: direction=3
02-09 18:08:25.470  3990  3990 D DynamicService: modem or radio power state change,messageType: 128 state: 3
02-09 18:08:25.470  3990  3990 D DynamicService: listeners is null or md controller is disable!!!
02-09 18:08:25.470  3990  3990 D DynamicService_WifiBt: PhoneStateListener.onDataActivity: direction=3
02-09 18:08:25.470  3990  3990 D DynamicService_WifiBt: modem or radio power state change,messageType: 128 state: 3
02-09 18:08:25.470  3990  3990 D WifiSarController: onStateChanged: type = 2, value = 1
02-09 18:08:25.473  3990  3990 D TelephonyManager: requestModemActivityInfo: Sending result to app: ModemActivityInfo{ mTimestamp=87307979 mSleepTimeMs=49964438 mIdleTimeMs=889792 mActivityStatsTechSpecificInfo=[{mRat=UNKNOWN,mFrequencyRange=UNKNOWN,mTxTimeMs[]=[428548, 955471, 1134320, 559893, 657518],mRxTimeMs=34864312}]}
02-09 18:08:25.473  3990  3990 E PhoneInterfaceManager: queryModemActivityInfo: invalid response
02-09 18:08:25.473  3990  3990 D TelephonyManager: requestModemActivityInfo: Sending result to app: ModemActivityInfo{ mTimestamp=87307979 mSleepTimeMs=49964438 mIdleTimeMs=889792 mActivityStatsTechSpecificInfo=[{mRat=UNKNOWN,mFrequencyRange=UNKNOWN,mTxTimeMs[]=[428548, 955471, 1134320, 559893, 657518],mRxTimeMs=34864312}]}
02-09 18:08:25.478  1289  1289 E vendor.qti.hardware.perf@2.2-service: Unknown params
02-09 18:08:25.478  1289  1289 E ANDR-PERF-DATA-POOL: EventDataPool is Full
02-09 18:08:25.479  1289  1289 E ANDR-PERF-MPCTL: perf request submission limit reached.
02-09 18:08:25.504  1918  2003 D HighMemoryManager: Java Memory used=115M max=512M. is system: true
02-09 18:08:25.504  1918  2003 V HighMemoryManager: Check mem usage finished! Next check delay: 0
02-09 18:08:25.640  3997  3997 D ArtChoreographerMonitor: invoke error.
02-09 18:08:26.468  3990  3990 D DynamicService: PhoneStateListener.onDataActivity: direction=0
02-09 18:08:26.468  3990  3990 D DynamicService: modem or radio power state change,messageType: 128 state: 0
02-09 18:08:26.468  3990  3990 D DynamicService: listeners is null or md controller is disable!!!
02-09 18:08:26.468  3990  3990 D DynamicService_WifiBt: PhoneStateListener.onDataActivity: direction=0
02-09 18:08:26.468  3990  3990 D DynamicService_WifiBt: modem or radio power state change,messageType: 128 state: 0
02-09 18:08:26.468  3990  3990 D WifiSarController: onStateChanged: type = 2, value = 0
02-09 18:08:26.469  3997  4240 D NetworkController.MobileSignalController(2): notifyListeners: mFeatureRelayData=false
02-09 18:08:26.470  3997  3997 D ArtChoreographerMonitor: invoke error.
02-09 18:08:26.480  1289  1289 E vendor.qti.hardware.perf@2.2-service: Unknown params
02-09 18:08:26.480  1289  1289 E ANDR-PERF-DATA-POOL: EventDataPool is Full
02-09 18:08:26.480  1289  1289 E ANDR-PERF-MPCTL: perf request submission limit reached.
02-09 18:08:26.643  3997  3997 D ArtChoreographerMonitor: invoke error.
02-09 18:08:28.755  3997  3997 D ArtChoreographerMonitor: invoke error.
02-09 18:08:28.773  1289  1289 E vendor.qti.hardware.perf@2.2-service: Unknown params
02-09 18:08:28.773  1289  1289 E ANDR-PERF-DATA-POOL: EventDataPool is Full
02-09 18:08:28.773  1289  1289 E ANDR-PERF-MPCTL: perf request submission limit reached.
02-09 18:08:28.943  3997  3997 D ArtChoreographerMonitor: invoke error.
02-09 18:08:29.042  1918  3977 D SLM-SRV-SLAService: checktemp temperature = 38590 temperature_average = 38651 isPerformanceMode = false thermal_enable_slm = true
02-09 18:08:32.490  3990  3990 D DynamicService: PhoneStateListener.onDataActivity: direction=3
02-09 18:08:32.490  3990  3990 D DynamicService: modem or radio power state change,messageType: 128 state: 3
02-09 18:08:32.490  3990  3990 D DynamicService: listeners is null or md controller is disable!!!
02-09 18:08:32.490  3990  3990 D DynamicService_WifiBt: PhoneStateListener.onDataActivity: direction=3
02-09 18:08:32.490  3990  3990 D DynamicService_WifiBt: modem or radio power state change,messageType: 128 state: 3
02-09 18:08:32.490  3990  3990 D WifiSarController: onStateChanged: type = 2, value = 1
02-09 18:08:32.490  3997  4240 D NetworkController.MobileSignalController(2): notifyListeners: mFeatureRelayData=false
02-09 18:08:32.492  3997  3997 D ArtChoreographerMonitor: invoke error.
02-09 18:08:32.503  1289  1289 E vendor.qti.hardware.perf@2.2-service: Unknown params
02-09 18:08:32.503  1289  1289 E ANDR-PERF-DATA-POOL: EventDataPool is Full
02-09 18:08:32.503  1289  1289 E ANDR-PERF-MPCTL: perf request submission limit reached.
02-09 18:08:32.662  3997  3997 D ArtChoreographerMonitor: invoke error.
02-09 18:08:32.758  3997  3997 D ArtChoreographerMonitor: invoke error.
02-09 18:08:32.770  1289  1289 E vendor.qti.hardware.perf@2.2-service: Unknown params
02-09 18:08:32.770  1289  1289 E ANDR-PERF-DATA-POOL: EventDataPool is Full
02-09 18:08:32.770  1289  1289 E ANDR-PERF-MPCTL: perf request submission limit reached.
02-09 18:08:32.947  3997  3997 D ArtChoreographerMonitor: invoke error.
02-09 18:08:34.712  1918  3964 I NetworkBoostStatusManager: handle: 107
02-09 18:08:34.715  3990  4057 E PhoneAdapter: get ntnphones failed, exception: java.lang.IllegalStateException: Default phones haven't been made yet!
02-09 18:08:34.716  1918  3964 D SLM-SRV-SLAService: isModemSingnalStrengthStatus = 0
02-09 18:08:36.502  3990  3990 D DynamicService: PhoneStateListener.onDataActivity: direction=0
02-09 18:08:36.502  3990  3990 D DynamicService: modem or radio power state change,messageType: 128 state: 0
02-09 18:08:36.502  3990  3990 D DynamicService: listeners is null or md controller is disable!!!
02-09 18:08:36.502  3990  3990 D DynamicService_WifiBt: PhoneStateListener.onDataActivity: direction=0
02-09 18:08:36.502  3990  3990 D DynamicService_WifiBt: modem or radio power state change,messageType: 128 state: 0
02-09 18:08:36.502  3990  3990 D WifiSarController: onStateChanged: type = 2, value = 0
02-09 18:08:36.502  3997  4240 D NetworkController.MobileSignalController(2): notifyListeners: mFeatureRelayData=false
02-09 18:08:36.504  3997  3997 D ArtChoreographerMonitor: invoke error.
02-09 18:08:36.513  1289  1289 E vendor.qti.hardware.perf@2.2-service: Unknown params
02-09 18:08:36.513  1289  1289 E ANDR-PERF-DATA-POOL: EventDataPool is Full
02-09 18:08:36.514  1289  1289 E ANDR-PERF-MPCTL: perf request submission limit reached.
02-09 18:08:36.673  3997  3997 D ArtChoreographerMonitor: invoke error.
02-09 18:08:36.760  3997  3997 D ArtChoreographerMonitor: invoke error.
02-09 18:08:36.773  1289  1289 E vendor.qti.hardware.perf@2.2-service: Unknown params
02-09 18:08:36.774  1289  1289 E ANDR-PERF-DATA-POOL: EventDataPool is Full
02-09 18:08:36.774  1289  1289 E ANDR-PERF-MPCTL: perf request submission limit reached.
