02-09 18:07:51.691 30155  3302 I ShortCutsItem: drop size = 10 result = [{"actionName":"","actionType":"native","appName":"","className":"","deeplink":"","drawableId":0,"drawableName":"","drawableUrl":"","groupId":"","id":"","isNativeAdd":false,"isXspace":false,"key":"","name":"","packageName":"com.holofindx","parentName":"","position":2147483647,"resId":"","trackDetail":"shortcuts_recent","uri":""},{"actionName":"","actionType":"native","appName":"","className":"","deeplink":"","drawableId":0,"drawableName":"","drawableUrl":"","groupId":"","id":"","isNativeAdd":false,"isXspace":false,"key":"","name":"","packageName":"com.android.settings","parentName":"","position":2147483647,"resId":"","trackDetail":"shortcuts_recent","uri":""},{"actionName":"","actionType":"native","appName":"","className":"","deeplink":"","drawableId":0,"drawableName":"","drawableUrl":"","groupId":"","id":"","isNativeAdd":false,"isXspace":false,"key":"","name":"","packageName":"com.google.android.gm","parentName":"","position":2147483647,"resId":"","trackDetail":"shortcuts_recent","uri":""},{"actionName":"","actionType":"native","appName":"","className":"","deeplink":"","drawableId":0,"drawableName":"","drawableUrl":"","groupId":"","id":"","isNativeAdd":false,"isXspace":false,"key":"","name":"","packageName":"com.supercell.clashroyale","parentName":"","position":2147483647,"resId":"","trackDetail":"shortcuts_recent","uri":""},{"actionName":"","actionType":"native","appName":"","className":"","deeplink":"","drawableId":0,"drawableName":"","drawableUrl":"","groupId":"","id":"","isNativeAdd":false,"isXspace":false,"key":"","name":"","packageName":"com.whatsapp","parentName":"","position":2147483647,"resId":"","trackDetail":"shortcuts_recent","uri":""},{"actionName":"","actionType":"native","appName":"","className":"","deeplink":"","drawableId":0,"drawableName":"","drawableUrl":"","groupId":"","id":"","isNativeAdd":false,"isXspace":false,"key":"","name":"","packageName":"in.amazon.mShop.android.shopping","parentName":"","position":2147483647,"resId":"","trackDetail":"shortcuts_recent","uri":""},{"actionName":"","actionType":"native","appName":"","className":"","deeplink":"","drawableId":0,"drawableName":"","drawableUrl":"","groupId":"","id":"","isNativeAdd":false,"isXspace":false,"key":"","name":"","packageName":"com.google.android.apps.docs.editors.sheets","parentName":"","position":2147483647,"resId":"","trackDetail":"shortcuts_recent","uri":""},{"actionName":"","actionType":"native","appName":"","className":"","deeplink":"","drawableId":0,"drawableName":"","drawableUrl":"","groupId":"","id":"","isNativeAdd":false,"isXspace":false,"key":"","name":"","packageName":"com.google.android.apps.nbu.paisa.user","parentName":"","position":2147483647,"resId":"","trackDetail":"shortcuts_recent","uri":""},{"actionName":"","actionType":"native","appName":"","className":"","deeplink":"","drawableId":0,"drawableName":"","drawableUrl":"","groupId":"","id":"","isNativeAdd":false,"isXspace":false,"key":"","name":"","packageName":"com.spotify.music","parentName":"","position":2147483647,"resId":"","trackDetail":"shortcuts_recent","uri":""},{"actionName":"","actionType":"native","appName":"","className":"","deeplink":"","drawableId":0,"drawableName":"","drawableUrl":"","groupId":"","id":"","isNativeAdd":false,"isXspace":false,"key":"","name":"","packageName":"com.instagram.android","parentName":"","position":2147483647,"resId":"","trackDetail":"shortcuts_recent","uri":""},{"actionName":"","actionType":"native","appName":"","className":"","deeplink":"","drawableId":0,"drawableName":"","drawableUrl":"","groupId":"","id":"","isNativeAdd":false,"isXspace":false,"key":"","name":"","packageName":"org.telegram.messenger","parentName":"","position":2147483647,"resId":"","trackDetail":"shortcuts_recent","uri":""},{"actionName":"","actionType":"native","appName":"","className":"","deeplink":"","drawableId":0,"drawableName":"","drawableUrl":"","groupId":"","id":"","isNativeAdd":false,"isXspace":false,"key":"","name":"","packageName":"com.msf.angelmobile","parentName":"","position":21474
02-09 18:07:51.750  1918  3123 I MiuiNetworkPolicy: updateUidState uid = 10378, uidState = 19
02-09 18:07:51.750  1918  6247 D ActivityManager: checkAllowBackground: uid=10378 pkg=com.instagram.android rec=UidRecord{d7bef20 u0a378 CEM  idle change:cached|procstate|procadj procs:0 seq(832160,828619)} caps=------ always=true idle=true
02-09 18:07:51.750  1918  6247 I ActivityManager: App 10378/com.instagram.android targets O+, restricted
02-09 18:07:51.750  1918  6247 D ActivityManager: checkAllowBackground: uid=10378 pkg=com.instagram.android startMode=2 onallowlist=false onallowlist(ei)=false
02-09 18:07:51.750  1918  2382 D ActivityManager: checkAllowBackground: uid=10378 pkg=com.instagram.android rec=UidRecord{d7bef20 u0a378 CEM  idle change:cached|procstate|procadj procs:0 seq(832160,828619)} caps=------ always=true idle=true
02-09 18:07:51.750  1918  2382 I ActivityManager: App 10378/com.instagram.android targets O+, restricted
02-09 18:07:51.750  1918  2382 D ActivityManager: checkAllowBackground: uid=10378 pkg=com.instagram.android startMode=2 onallowlist=false onallowlist(ei)=false
02-09 18:07:51.752  1918  3123 I MiuiNetworkPolicy: updateUidState uid = 10378, uidState = 11
02-09 18:07:51.916  1918  2755 D PermissionManager: writeLegacyPermissionState for user  in 6 ms.
02-09 18:07:52.052  1918  2027 I android_os_HwBinder: HwBinder: Starting thread pool for getting: vendor.xiaomi.hardware.micharge@1.0::IMiCharge/default
02-09 18:07:52.054  1316  1337 I vendor.xiaomi.hardware.micharge@1.0-service: ReadFilePathValue path = /sys/class/qcom-battery/pd_verifed value = 0
02-09 18:07:52.334  3997  4240 D NetworkController.MobileSignalController(2): notifyListeners: mFeatureRelayData=false
02-09 18:07:52.335  3990  3990 D DynamicService_WifiBt: PhoneStateListener.onDataActivity: direction=3
02-09 18:07:52.335  3990  3990 D DynamicService_WifiBt: modem or radio power state change,messageType: 128 state: 3
02-09 18:07:52.335  3990  3990 D WifiSarController: onStateChanged: type = 2, value = 1
02-09 18:07:52.335  3990  3990 D DynamicService: PhoneStateListener.onDataActivity: direction=3
02-09 18:07:52.335  3990  3990 D DynamicService: modem or radio power state change,messageType: 128 state: 3
02-09 18:07:52.335  3990  3990 D DynamicService: listeners is null or md controller is disable!!!
02-09 18:07:52.335  3997  3997 D ArtChoreographerMonitor: invoke error.
02-09 18:07:52.347  1289  1289 E vendor.qti.hardware.perf@2.2-service: Unknown params
02-09 18:07:52.347  1289  1289 E ANDR-PERF-DATA-POOL: EventDataPool is Full
02-09 18:07:52.347  1289  1289 E ANDR-PERF-MPCTL: perf request submission limit reached.
02-09 18:07:52.354  1434  1434 D MI-SF   : mIsSupportAutomodeForMaxFpsSetting is 0(0), getCurrentBrightness() = 36(328), mIsKeepAutoMode 0
02-09 18:07:52.354  1434  1434 D RefreshRateSelector: fixedMode_group: 0, isFindModeGroup 0
02-09 18:07:52.354  1434  1434 D RefreshRateSelector: find max refresh rate:120, mode Group:0
02-09 18:07:52.449  1918  3242 I SmartPower: com.miui.weather2/10221(31074): background->idle(3001ms) R(service create com.miui.weather2/androidx.work.impl.background.systemjob.SystemJobService) adj=0.
02-09 18:07:52.509  3997  3997 D ArtChoreographerMonitor: invoke error.
02-09 18:07:52.692  3997  3997 D ArtChoreographerMonitor: invoke error.
02-09 18:07:52.700  1289  1289 E vendor.qti.hardware.perf@2.2-service: Unknown params
02-09 18:07:52.700  1289  1289 E ANDR-PERF-DATA-POOL: EventDataPool is Full
02-09 18:07:52.700  1289  1289 E ANDR-PERF-MPCTL: perf request submission limit reached.
02-09 18:07:52.778  1918  3123 I MiuiNetworkPolicy: updateUidState uid = 10378, uidState = 19
02-09 18:07:52.779  1918  4287 D ActivityManager: checkAllowBackground: uid=10378 pkg=com.instagram.android rec=UidRecord{d7bef20 u0a378 CEM  idle change:cached|procstate|procadj procs:0 seq(832162,828619)} caps=------ always=true idle=true
02-09 18:07:52.779  1918  4287 I ActivityManager: App 10378/com.instagram.android targets O+, restricted
02-09 18:07:52.779  1918  4287 D ActivityManager: checkAllowBackground: uid=10378 pkg=com.instagram.android startMode=2 onallowlist=false onallowlist(ei)=false
02-09 18:07:52.779  1918  2382 D ActivityManager: checkAllowBackground: uid=10378 pkg=com.instagram.android rec=UidRecord{d7bef20 u0a378 CEM  idle change:cached|procstate|procadj procs:0 seq(832162,828619)} caps=------ always=true idle=true
02-09 18:07:52.779  1918  2382 I ActivityManager: App 10378/com.instagram.android targets O+, restricted
02-09 18:07:52.779  1918  2382 D ActivityManager: checkAllowBackground: uid=10378 pkg=com.instagram.android startMode=2 onallowlist=false onallowlist(ei)=false
02-09 18:07:52.781  1918  3123 I MiuiNetworkPolicy: updateUidState uid = 10378, uidState = 11
02-09 18:07:52.876  3997  3997 D ArtChoreographerMonitor: invoke error.
02-09 18:07:53.783  1918  6247 D ActivityManager: checkAllowBackground: uid=10378 pkg=com.instagram.android rec=UidRecord{d7bef20 u0a378 CEM  idle change:cached|procstate|procadj procs:0 seq(832164,828619)} caps=------ always=true idle=true
02-09 18:07:53.783  1918  6247 I ActivityManager: App 10378/com.instagram.android targets O+, restricted
02-09 18:07:53.783  1918  6247 D ActivityManager: checkAllowBackground: uid=10378 pkg=com.instagram.android startMode=2 onallowlist=false onallowlist(ei)=false
02-09 18:07:53.783  1918  3123 I MiuiNetworkPolicy: updateUidState uid = 10378, uidState = 19
02-09 18:07:53.783  1918  2382 D ActivityManager: checkAllowBackground: uid=10378 pkg=com.instagram.android rec=UidRecord{d7bef20 u0a378 CEM  idle change:cached|procstate|procadj procs:0 seq(832164,828619)} caps=------ always=true idle=true
02-09 18:07:53.783  1918  2382 I ActivityManager: App 10378/com.instagram.android targets O+, restricted
02-09 18:07:53.783  1918  2382 D ActivityManager: checkAllowBackground: uid=10378 pkg=com.instagram.android startMode=2 onallowlist=false onallowlist(ei)=false
02-09 18:07:53.785  1918  3123 I MiuiNetworkPolicy: updateUidState uid = 10378, uidState = 11
02-09 18:07:54.222  3908  3930 I Tethering: [BpfCoordinator] onAlertReached
02-09 18:07:54.342  3990  3990 D DynamicService: PhoneStateListener.onDataActivity: direction=0
02-09 18:07:54.343  3990  3990 D DynamicService: modem or radio power state change,messageType: 128 state: 0
02-09 18:07:54.343  3990  3990 D DynamicService: listeners is null or md controller is disable!!!
02-09 18:07:54.343  3990  3990 D DynamicService_WifiBt: PhoneStateListener.onDataActivity: direction=0
02-09 18:07:54.343  3990  3990 D DynamicService_WifiBt: modem or radio power state change,messageType: 128 state: 0
02-09 18:07:54.343  3990  3990 D WifiSarController: onStateChanged: type = 2, value = 0
02-09 18:07:54.343  3997  4240 D NetworkController.MobileSignalController(2): notifyListeners: mFeatureRelayData=false
02-09 18:07:54.344  3997  3997 D ArtChoreographerMonitor: invoke error.
02-09 18:07:54.352  1289  1289 E vendor.qti.hardware.perf@2.2-service: Unknown params
02-09 18:07:54.352  1289  1289 E ANDR-PERF-DATA-POOL: EventDataPool is Full
02-09 18:07:54.352  1289  1289 E ANDR-PERF-MPCTL: perf request submission limit reached.
02-09 18:07:54.411  1918  3242 I SmartPower: android.process.acore/10059(8164): background->idle(3001ms) R(broadcast start Intent { act=android.intent.action.PACKAGE_CHANGED dat=package: flg=0x45000010 (has extras) }) adj=800.
02-09 18:07:54.411  1918  3242 I SmartPower: com.milink.service:audio/10128(30152): background->idle(3000ms) R(broadcast start Intent { act=android.intent.action.PACKAGE_CHANGED dat=package: flg=0x45000010 (has extras) }) adj=100.
02-09 18:07:54.411  1918  3242 I SmartPower: com.xiaomi.mipicks/10124(30645): background->idle(3000ms) R(broadcast start Intent { act=android.intent.action.PACKAGE_CHANGED dat=package: flg=0x45000010 (has extras) }) adj=915.
02-09 18:07:54.515  3997  3997 D ArtChoreographerMonitor: invoke error.
02-09 18:07:54.788  1918  3123 I MiuiNetworkPolicy: updateUidState uid = 10378, uidState = 19
02-09 18:07:54.788  1918  4287 D ActivityManager: checkAllowBackground: uid=10378 pkg=com.instagram.android rec=UidRecord{d7bef20 u0a378 CEM  idle change:cached|procstate|procadj procs:0 seq(832166,828619)} caps=------ always=true idle=true
02-09 18:07:54.788  1918  4287 I ActivityManager: App 10378/com.instagram.android targets O+, restricted
02-09 18:07:54.788  1918  4287 D ActivityManager: checkAllowBackground: uid=10378 pkg=com.instagram.android startMode=2 onallowlist=false onallowlist(ei)=false
02-09 18:07:54.788  1918  2382 D ActivityManager: checkAllowBackground: uid=10378 pkg=com.instagram.android rec=UidRecord{d7bef20 u0a378 CEM  idle change:cached|procstate|procadj procs:0 seq(832166,828619)} caps=------ always=true idle=true
02-09 18:07:54.788  1918  2382 I ActivityManager: App 10378/com.instagram.android targets O+, restricted
02-09 18:07:54.788  1918  2382 D ActivityManager: checkAllowBackground: uid=10378 pkg=com.instagram.android startMode=2 onallowlist=false onallowlist(ei)=false
02-09 18:07:54.790  1918  3123 I MiuiNetworkPolicy: updateUidState uid = 10378, uidState = 11
02-09 18:07:55.345  3997  4240 D NetworkController.MobileSignalController(2): notifyListeners: mFeatureRelayData=false
02-09 18:07:55.347  3997  3997 D ArtChoreographerMonitor: invoke error.
02-09 18:07:55.351  3990  3990 D DynamicService: PhoneStateListener.onDataActivity: direction=3
02-09 18:07:55.351  3990  3990 D DynamicService: modem or radio power state change,messageType: 128 state: 3
02-09 18:07:55.351  3990  3990 D DynamicService: listeners is null or md controller is disable!!!
02-09 18:07:55.351  3990  3990 D DynamicService_WifiBt: PhoneStateListener.onDataActivity: direction=3
02-09 18:07:55.351  3990  3990 D DynamicService_WifiBt: modem or radio power state change,messageType: 128 state: 3
02-09 18:07:55.351  3990  3990 D WifiSarController: onStateChanged: type = 2, value = 1
02-09 18:07:55.353  3990  3990 D TelephonyManager: requestModemActivityInfo: Sending result to app: ModemActivityInfo{ mTimestamp=87277859 mSleepTimeMs=49955640 mIdleTimeMs=889338 mActivityStatsTechSpecificInfo=[{mRat=UNKNOWN,mFrequencyRange=UNKNOWN,mTxTimeMs[]=[428548, 955349, 1134201, 559819, 657517],mRxTimeMs=34843760}]}
02-09 18:07:55.353  3990  3990 E PhoneInterfaceManager: queryModemActivityInfo: invalid response
02-09 18:07:55.354  3990  3990 D TelephonyManager: requestModemActivityInfo: Sending result to app: ModemActivityInfo{ mTimestamp=87277859 mSleepTimeMs=49955640 mIdleTimeMs=889338 mActivityStatsTechSpecificInfo=[{mRat=UNKNOWN,mFrequencyRange=UNKNOWN,mTxTimeMs[]=[428548, 955349, 1134201, 559819, 657517],mRxTimeMs=34843760}]}
02-09 18:07:55.354  1289  1289 E vendor.qti.hardware.perf@2.2-service: Unknown params
02-09 18:07:55.354  1289  1289 E ANDR-PERF-DATA-POOL: EventDataPool is Full
02-09 18:07:55.354  1289  1289 E ANDR-PERF-MPCTL: perf request submission limit reached.
02-09 18:07:55.415  1918  2365 D HeapUsage Monitor: HeapAllocSize : 117MB; monitorSize : 500MB
02-09 18:07:55.517  3997  3997 D ArtChoreographerMonitor: invoke error.
02-09 18:07:55.792  1918  4287 D ActivityManager: checkAllowBackground: uid=10378 pkg=com.instagram.android rec=UidRecord{d7bef20 u0a378 CEM  idle change:cached|procstate|procadj procs:0 seq(832168,828619)} caps=------ always=true idle=true
02-09 18:07:55.792  1918  4287 I ActivityManager: App 10378/com.instagram.android targets O+, restricted
02-09 18:07:55.792  1918  3123 I MiuiNetworkPolicy: updateUidState uid = 10378, uidState = 19
02-09 18:07:55.792  1918  4287 D ActivityManager: checkAllowBackground: uid=10378 pkg=com.instagram.android startMode=2 onallowlist=false onallowlist(ei)=false
02-09 18:07:55.793  1918  2382 D ActivityManager: checkAllowBackground: uid=10378 pkg=com.instagram.android rec=UidRecord{d7bef20 u0a378 CEM  idle change:cached|procstate|procadj procs:0 seq(832168,828619)} caps=------ always=true idle=true
02-09 18:07:55.793  1918  2382 I ActivityManager: App 10378/com.instagram.android targets O+, restricted
02-09 18:07:55.793  1918  2382 D ActivityManager: checkAllowBackground: uid=10378 pkg=com.instagram.android startMode=2 onallowlist=false onallowlist(ei)=false
02-09 18:07:55.794  1918  3123 I MiuiNetworkPolicy: updateUidState uid = 10378, uidState = 11
02-09 18:07:55.928  1918  3123 I MiuiNetworkPolicy: updateUidState uid = 10221, uidState = 15
02-09 18:07:56.349  3997  4240 D NetworkController.MobileSignalController(2): notifyListeners: mFeatureRelayData=false
02-09 18:07:56.350  3990  3990 D DynamicService: PhoneStateListener.onDataActivity: direction=0
02-09 18:07:56.350  3997  3997 D ArtChoreographerMonitor: invoke error.
02-09 18:07:56.350  3990  3990 D DynamicService: modem or radio power state change,messageType: 128 state: 0
02-09 18:07:56.350  3990  3990 D DynamicService: listeners is null or md controller is disable!!!
02-09 18:07:56.351  3990  3990 D DynamicService_WifiBt: PhoneStateListener.onDataActivity: direction=0
02-09 18:07:56.351  3990  3990 D DynamicService_WifiBt: modem or radio power state change,messageType: 128 state: 0
02-09 18:07:56.351  3990  3990 D WifiSarController: onStateChanged: type = 2, value = 0
02-09 18:07:56.355  1289  1289 E vendor.qti.hardware.perf@2.2-service: Unknown params
02-09 18:07:56.355  1289  1289 E ANDR-PERF-DATA-POOL: EventDataPool is Full
02-09 18:07:56.355  1289  1289 E ANDR-PERF-MPCTL: perf request submission limit reached.
02-09 18:07:56.520  3997  3997 D ArtChoreographerMonitor: invoke error.
02-09 18:07:56.695  3997  3997 D ArtChoreographerMonitor: invoke error.
02-09 18:07:56.708  1289  1289 E vendor.qti.hardware.perf@2.2-service: Unknown params
02-09 18:07:56.708  1289  1289 E ANDR-PERF-DATA-POOL: EventDataPool is Full
02-09 18:07:56.708  1289  1289 E ANDR-PERF-MPCTL: perf request submission limit reached.
02-09 18:07:56.798  1918  3123 I MiuiNetworkPolicy: updateUidState uid = 10378, uidState = 19
02-09 18:07:56.798  1918  6247 D ActivityManager: checkAllowBackground: uid=10378 pkg=com.instagram.android rec=UidRecord{d7bef20 u0a378 CEM  idle change:cached|procstate|procadj procs:0 seq(832171,828619)} caps=------ always=true idle=true
02-09 18:07:56.798  1918  6247 I ActivityManager: App 10378/com.instagram.android targets O+, restricted
02-09 18:07:56.798  1918  6247 D ActivityManager: checkAllowBackground: uid=10378 pkg=com.instagram.android startMode=2 onallowlist=false onallowlist(ei)=false
02-09 18:07:56.798  1918  2382 D ActivityManager: checkAllowBackground: uid=10378 pkg=com.instagram.android rec=UidRecord{d7bef20 u0a378 CEM  idle change:cached|procstate|procadj procs:0 seq(832171,828619)} caps=------ always=true idle=true
02-09 18:07:56.798  1918  2382 I ActivityManager: App 10378/com.instagram.android targets O+, restricted
02-09 18:07:56.798  1918  2382 D ActivityManager: checkAllowBackground: uid=10378 pkg=com.instagram.android startMode=2 onallowlist=false onallowlist(ei)=false
02-09 18:07:56.800  1918  3123 I MiuiNetworkPolicy: updateUidState uid = 10378, uidState = 11
02-09 18:07:56.885  3997  3997 D ArtChoreographerMonitor: invoke error.
02-09 18:07:57.802  1918  3123 I MiuiNetworkPolicy: updateUidState uid = 10378, uidState = 19
02-09 18:07:57.802  1918  4287 D ActivityManager: checkAllowBackground: uid=10378 pkg=com.instagram.android rec=UidRecord{d7bef20 u0a378 CEM  idle change:cached|procstate|procadj procs:0 seq(832173,828619)} caps=------ always=true idle=true
02-09 18:07:57.802  1918  4287 I ActivityManager: App 10378/com.instagram.android targets O+, restricted
02-09 18:07:57.802  1918  4287 D ActivityManager: checkAllowBackground: uid=10378 pkg=com.instagram.android startMode=2 onallowlist=false onallowlist(ei)=false
02-09 18:07:57.802  1918  2382 D ActivityManager: checkAllowBackground: uid=10378 pkg=com.instagram.android rec=UidRecord{d7bef20 u0a378 CEM  idle change:cached|procstate|procadj procs:0 seq(832173,828619)} caps=------ always=true idle=true
02-09 18:07:57.803  1918  2382 I ActivityManager: App 10378/com.instagram.android targets O+, restricted
02-09 18:07:57.803  1918  2382 D ActivityManager: checkAllowBackground: uid=10378 pkg=com.instagram.android startMode=2 onallowlist=false onallowlist(ei)=false
02-09 18:07:57.804  1918  3123 I MiuiNetworkPolicy: updateUidState uid = 10378, uidState = 11
02-09 18:07:58.359  3990  3990 D DynamicService: PhoneStateListener.onDataActivity: direction=3
02-09 18:07:58.359  3990  3990 D DynamicService: modem or radio power state change,messageType: 128 state: 3
02-09 18:07:58.359  3990  3990 D DynamicService: listeners is null or md controller is disable!!!
02-09 18:07:58.359  3990  3990 D DynamicService_WifiBt: PhoneStateListener.onDataActivity: direction=3
02-09 18:07:58.359  3990  3990 D DynamicService_WifiBt: modem or radio power state change,messageType: 128 state: 3
02-09 18:07:58.359  3990  3990 D WifiSarController: onStateChanged: type = 2, value = 1
02-09 18:07:58.359  3997  4240 D NetworkController.MobileSignalController(2): notifyListeners: mFeatureRelayData=false
02-09 18:07:58.361  3997  3997 D ArtChoreographerMonitor: invoke error.
02-09 18:07:58.370  1289  1289 E vendor.qti.hardware.perf@2.2-service: Unknown params
02-09 18:07:58.370  1289  1289 E ANDR-PERF-DATA-POOL: EventDataPool is Full
02-09 18:07:58.370  1289  1289 E ANDR-PERF-MPCTL: perf request submission limit reached.
02-09 18:07:58.434  1918  4287 W ProcessStats: Tracking association SourceState{2b4d12c com.miui.securitycenter/1000 BFgs #181942} whose proc state 4 is better than process ProcessState{3b092a2 com.miui.securitycenter.remote/1000 pkg=com.miui.securitycenter} proc state 8 (76 skipped)
02-09 18:07:58.531  3997  3997 D ArtChoreographerMonitor: invoke error.
02-09 18:07:58.806  1918  3123 I MiuiNetworkPolicy: updateUidState uid = 10378, uidState = 19
02-09 18:07:58.807  1918  6247 D ActivityManager: checkAllowBackground: uid=10378 pkg=com.instagram.android rec=UidRecord{d7bef20 u0a378 CEM  idle change:cached|procstate|procadj procs:0 seq(832181,828619)} caps=------ always=true idle=true
02-09 18:07:58.807  1918  6247 I ActivityManager: App 10378/com.instagram.android targets O+, restricted
02-09 18:07:58.807  1918  6247 D ActivityManager: checkAllowBackground: uid=10378 pkg=com.instagram.android startMode=2 onallowlist=false onallowlist(ei)=false
02-09 18:07:58.807  1918  2382 D ActivityManager: checkAllowBackground: uid=10378 pkg=com.instagram.android rec=UidRecord{d7bef20 u0a378 CEM  idle change:cached|procstate|procadj procs:0 seq(832181,828619)} caps=------ always=true idle=true
02-09 18:07:58.807  1918  2382 I ActivityManager: App 10378/com.instagram.android targets O+, restricted
02-09 18:07:58.807  1918  2382 D ActivityManager: checkAllowBackground: uid=10378 pkg=com.instagram.android startMode=2 onallowlist=false onallowlist(ei)=false
02-09 18:07:58.809  1918  3123 I MiuiNetworkPolicy: updateUidState uid = 10378, uidState = 11
02-09 18:07:59.022  1918  3977 D SLM-SRV-SLAService: checktemp temperature = 38658 temperature_average = 38782 isPerformanceMode = false thermal_enable_slm = true
02-09 18:07:59.364  3990  3990 D DynamicService: PhoneStateListener.onDataActivity: direction=0
02-09 18:07:59.364  3990  3990 D DynamicService: modem or radio power state change,messageType: 128 state: 0
02-09 18:07:59.364  3990  3990 D DynamicService: listeners is null or md controller is disable!!!
02-09 18:07:59.364  3990  3990 D DynamicService_WifiBt: PhoneStateListener.onDataActivity: direction=0
02-09 18:07:59.364  3990  3990 D DynamicService_WifiBt: modem or radio power state change,messageType: 128 state: 0
02-09 18:07:59.364  3990  3990 D WifiSarController: onStateChanged: type = 2, value = 0
02-09 18:07:59.364  3997  4240 D NetworkController.MobileSignalController(2): notifyListeners: mFeatureRelayData=false
02-09 18:07:59.365  3997  3997 D ArtChoreographerMonitor: invoke error.
02-09 18:07:59.369  1289  1289 E vendor.qti.hardware.perf@2.2-service: Unknown params
02-09 18:07:59.369  1289  1289 E ANDR-PERF-DATA-POOL: EventDataPool is Full
02-09 18:07:59.370  1289  1289 E ANDR-PERF-MPCTL: perf request submission limit reached.
02-09 18:07:59.534  3997  3997 D ArtChoreographerMonitor: invoke error.
02-09 18:07:59.811  1918  3123 I MiuiNetworkPolicy: updateUidState uid = 10378, uidState = 19
02-09 18:07:59.812  1918  4287 D ActivityManager: checkAllowBackground: uid=10378 pkg=com.instagram.android rec=UidRecord{d7bef20 u0a378 CEM  idle change:cached|procstate|procadj procs:0 seq(832183,828619)} caps=------ always=true idle=true
02-09 18:07:59.812  1918  4287 I ActivityManager: App 10378/com.instagram.android targets O+, restricted
02-09 18:07:59.812  1918  4287 D ActivityManager: checkAllowBackground: uid=10378 pkg=com.instagram.android startMode=2 onallowlist=false onallowlist(ei)=false
02-09 18:07:59.812  1918  2382 D ActivityManager: checkAllowBackground: uid=10378 pkg=com.instagram.android rec=UidRecord{d7bef20 u0a378 CEM  idle change:cached|procstate|procadj procs:0 seq(832183,828619)} caps=------ always=true idle=true
02-09 18:07:59.812  1918  2382 I ActivityManager: App 10378/com.instagram.android targets O+, restricted
02-09 18:07:59.812  1918  2382 D ActivityManager: checkAllowBackground: uid=10378 pkg=com.instagram.android startMode=2 onallowlist=false onallowlist(ei)=false
02-09 18:07:59.814  1918  3123 I MiuiNetworkPolicy: updateUidState uid = 10378, uidState = 11
02-09 18:08:00.000  1918  2921 D ActivityManager: checkAllowBackground: uid=1000 pkg=android rec=UidRecord{426f06a 1000 PER  fgServices change:procadj procs:0 seq(832180,830027)} caps=LCMNFU always=false idle=false
02-09 18:08:00.000  1918  2921 D AlarmManager: mBroadcastRefCount -> 1
02-09 18:08:00.001  1918  1918 D AlarmManager: mBroadcastRefCount -> 0
02-09 18:08:00.001  1918  1918 D AlarmManager: mPendingIntent -> null
02-09 18:08:00.002  3997  3997 D MiuiClockController: Listener updateTime
02-09 18:08:00.011  3997  3997 E ReflectUtils: InvocationTargetException
02-09 18:08:00.011  3997  3997 E ReflectUtils: java.lang.reflect.InvocationTargetException
02-09 18:08:00.011  3997  3997 E ReflectUtils: 	at java.lang.reflect.Method.invoke(Native Method)
02-09 18:08:00.011  3997  3997 E ReflectUtils: 	at com.miui.clock.utils.ReflectUtils.invokeObject(go/retraceme ae2a346b5dc795f1b8ed56c0f3f09f8539fadae4744ad635990ce6e383c6db62:2)
02-09 18:08:00.011  3997  3997 E ReflectUtils: 	at com.miui.clock.utils.DataUtils.isAppInstalled(go/retraceme ae2a346b5dc795f1b8ed56c0f3f09f8539fadae4744ad635990ce6e383c6db62:77)
02-09 18:08:00.011  3997  3997 E ReflectUtils: 	at com.miui.clock.utils.DataUtils.isAppInstalledForUser(go/retraceme ae2a346b5dc795f1b8ed56c0f3f09f8539fadae4744ad635990ce6e383c6db62:47)
02-09 18:08:00.011  3997  3997 E ReflectUtils: 	at com.miui.clock.classic.ClassicClockView.filterClassicClockInfo(go/retraceme ae2a346b5dc795f1b8ed56c0f3f09f8539fadae4744ad635990ce6e383c6db62:34)
02-09 18:08:00.011  3997  3997 E ReflectUtils: 	at com.miui.clock.classic.ClassicClockView.updateTime(go/retraceme ae2a346b5dc795f1b8ed56c0f3f09f8539fadae4744ad635990ce6e383c6db62:3)
02-09 18:08:00.011  3997  3997 E ReflectUtils: 	at com.miui.clock.MiuiClockController$1.run(go/retraceme ae2a346b5dc795f1b8ed56c0f3f09f8539fadae4744ad635990ce6e383c6db62:1645)
02-09 18:08:00.011  3997  3997 E ReflectUtils: 	at android.os.Handler.handleCallback(Handler.java:958)
02-09 18:08:00.011  3997  3997 E ReflectUtils: 	at android.os.Handler.dispatchMessage(Handler.java:99)
02-09 18:08:00.011  3997  3997 E ReflectUtils: 	at android.os.Looper.loopOnce(Looper.java:222)
02-09 18:08:00.011  3997  3997 E ReflectUtils: 	at android.os.Looper.loop(Looper.java:314)
02-09 18:08:00.011  3997  3997 E ReflectUtils: 	at android.app.ActivityThread.main(ActivityThread.java:8857)
02-09 18:08:00.011  3997  3997 E ReflectUtils: 	at java.lang.reflect.Method.invoke(Native Method)
02-09 18:08:00.011  3997  3997 E ReflectUtils: 	at com.android.internal.os.RuntimeInit$MethodAndArgsCaller.run(RuntimeInit.java:565)
02-09 18:08:00.011  3997  3997 E ReflectUtils: 	at com.android.internal.os.ZygoteInit.main(ZygoteInit.java:1013)
02-09 18:08:00.011  3997  3997 E ReflectUtils: Caused by: android.content.pm.PackageManager$NameNotFoundException: com.mi.health
02-09 18:08:00.011  3997  3997 E ReflectUtils: 	at android.app.ApplicationPackageManager.getPackageInfoAsUser(ApplicationPackageManager.java:259)
02-09 18:08:00.011  3997  3997 E ReflectUtils: 	at android.app.ApplicationPackageManager.getPackageInfoAsUser(ApplicationPackageManager.java:247)
02-09 18:08:00.011  3997  3997 E ReflectUtils: 	... 15 more
02-09 18:08:00.011  3997  3997 W System.err: java.lang.reflect.InvocationTargetException
02-09 18:08:00.011  3997  3997 W System.err: 	at java.lang.reflect.Method.invoke(Native Method)
02-09 18:08:00.011  3997  3997 W System.err: 	at com.miui.clock.utils.ReflectUtils.invokeObject(go/retraceme ae2a346b5dc795f1b8ed56c0f3f09f8539fadae4744ad635990ce6e383c6db62:2)
02-09 18:08:00.011  3997  3997 W System.err: 	at com.miui.clock.utils.DataUtils.isAppInstalled(go/retraceme ae2a346b5dc795f1b8ed56c0f3f09f8539fadae4744ad635990ce6e383c6db62:77)
02-09 18:08:00.011  3997  3997 W System.err: 	at com.miui.clock.utils.DataUtils.isAppInstalledForUser(go/retraceme ae2a346b5dc795f1b8ed56c0f3f09f8539fadae4744ad635990ce6e383c6db62:47)
02-09 18:08:00.011  3997  3997 W System.err: 	at com.miui.clock.classic.ClassicClockView.filterClassicClockInfo(go/retraceme ae2a346b5dc795f1b8ed56c0f3f09f8539fadae4744ad635990ce6e383c6db62:34)
02-09 18:08:00.011  3997  3997 W System.err: 	at com.miui.clock.classic.ClassicClockView.updateTime(go/retraceme ae2a346b5dc795f1b8ed56c0f3f09f8539fadae4744ad635990ce6e383c6db62:3)
02-09 18:08:00.011  3997  3997 W System.err: 	at com.miui.clock.MiuiClockController$1.run(go/retraceme ae2a346b5dc795f1b8ed56c0f3f09f8539fadae4744ad635990ce6e383c6db62:1645)
02-09 18:08:00.011  3997  3997 W System.err: 	at android.os.Handler.handleCallback(Handler.java:958)
02-09 18:08:00.011  3997  3997 W System.err: 	at android.os.Handler.dispatchMessage(Handler.java:99)
02-09 18:08:00.011  3997  3997 W System.err: 	at android.os.Looper.loopOnce(Looper.java:222)
02-09 18:08:00.011  3997  3997 W System.err: 	at android.os.Looper.loop(Looper.java:314)
02-09 18:08:00.011  3997  3997 W System.err: 	at android.app.ActivityThread.main(ActivityThread.java:8857)
02-09 18:08:00.011  3997  3997 W System.err: 	at java.lang.reflect.Method.invoke(Native Method)
02-09 18:08:00.011  3997  3997 W System.err: 	at com.android.internal.os.RuntimeInit$MethodAndArgsCaller.run(RuntimeInit.java:565)
02-09 18:08:00.011  3997  3997 W System.err: 	at com.android.internal.os.ZygoteInit.main(ZygoteInit.java:1013)
02-09 18:08:00.011  3997  3997 W System.err: Caused by: android.content.pm.PackageManager$NameNotFoundException: com.mi.health
02-09 18:08:00.011  3997  3997 W System.err: 	at android.app.ApplicationPackageManager.getPackageInfoAsUser(ApplicationPackageManager.java:259)
02-09 18:08:00.012  3997  3997 W System.err: 	at android.app.ApplicationPackageManager.getPackageInfoAsUser(ApplicationPackageManager.java:247)
02-09 18:08:00.012  3997  3997 W System.err: 	... 15 more
02-09 18:08:00.013  3997  3997 E AnimationHelper: updateTime mToAod:false mHasNotification: true, mClockType: classic
02-09 18:08:00.014  3997  3997 D MiuiStatusBarClock: updateTime: 6:08
02-09 18:08:00.014  3997  3997 D ArtChoreographerMonitor: invoke error.
02-09 18:08:00.021  3997  3997 W View    : requestLayout() improperly called by com.android.keyguard.AlphaOptimizedLinearLayout{8c034aa V.E...... ......ID 0,0-360,174 #7f0a0963 app:id/status_icons_container} during layout: running second layout pass
02-09 18:08:00.021  3997  3997 W View    : requestLayout() improperly called by com.android.systemui.statusbar.views.MiuiClock{f5e689b V.ED..... ......ID 0,0-360,174 #7f0a014a app:id/big_time} during layout: running second layout pass
02-09 18:08:00.022  1289  1289 E vendor.qti.hardware.perf@2.2-service: Unknown params
02-09 18:08:00.022  1289  1289 E ANDR-PERF-DATA-POOL: EventDataPool is Full
02-09 18:08:00.022  1289  1289 E ANDR-PERF-MPCTL: perf request submission limit reached.
02-09 18:08:00.187  3997  3997 D ArtChoreographerMonitor: invoke error.
02-09 18:08:00.704  3997  3997 D ArtChoreographerMonitor: invoke error.
02-09 18:08:00.718  1289  1289 E vendor.qti.hardware.perf@2.2-service: Unknown params
02-09 18:08:00.718  1289  1289 E ANDR-PERF-DATA-POOL: EventDataPool is Full
02-09 18:08:00.718  1289  1289 E ANDR-PERF-MPCTL: perf request submission limit reached.
02-09 18:08:00.816  1918  6247 D ActivityManager: checkAllowBackground: uid=10378 pkg=com.instagram.android rec=UidRecord{d7bef20 u0a378 CEM  idle change:cached|procstate|procadj procs:0 seq(832185,828619)} caps=------ always=true idle=true
02-09 18:08:00.816  1918  6247 I ActivityManager: App 10378/com.instagram.android targets O+, restricted
02-09 18:08:00.817  1918  3123 I MiuiNetworkPolicy: updateUidState uid = 10378, uidState = 19
02-09 18:08:00.817  1918  6247 D ActivityManager: checkAllowBackground: uid=10378 pkg=com.instagram.android startMode=2 onallowlist=false onallowlist(ei)=false
02-09 18:08:00.817  1918  2382 D ActivityManager: checkAllowBackground: uid=10378 pkg=com.instagram.android rec=UidRecord{d7bef20 u0a378 CEM  idle change:cached|procstate|procadj procs:0 seq(832185,828619)} caps=------ always=true idle=true
02-09 18:08:00.817  1918  2382 I ActivityManager: App 10378/com.instagram.android targets O+, restricted
02-09 18:08:00.817  1918  2382 D ActivityManager: checkAllowBackground: uid=10378 pkg=com.instagram.android startMode=2 onallowlist=false onallowlist(ei)=false
02-09 18:08:00.818  1918  3123 I MiuiNetworkPolicy: updateUidState uid = 10378, uidState = 11
02-09 18:08:00.893  3997  3997 D ArtChoreographerMonitor: invoke error.
02-09 18:08:01.821  1918  4287 D ActivityManager: checkAllowBackground: uid=10378 pkg=com.instagram.android rec=UidRecord{d7bef20 u0a378 CEM  idle change:cached|procstate|procadj procs:0 seq(832188,828619)} caps=------ always=true idle=true
02-09 18:08:01.821  1918  4287 I ActivityManager: App 10378/com.instagram.android targets O+, restricted
02-09 18:08:01.821  1918  3123 I MiuiNetworkPolicy: updateUidState uid = 10378, uidState = 19
02-09 18:08:01.821  1918  4287 D ActivityManager: checkAllowBackground: uid=10378 pkg=com.instagram.android startMode=2 onallowlist=false onallowlist(ei)=false
02-09 18:08:01.821  1918  2382 D ActivityManager: checkAllowBackground: uid=10378 pkg=com.instagram.android rec=UidRecord{d7bef20 u0a378 CEM  idle change:cached|procstate|procadj procs:0 seq(832188,828619)} caps=------ always=true idle=true
02-09 18:08:01.821  1918  2382 I ActivityManager: App 10378/com.instagram.android targets O+, restricted
02-09 18:08:01.821  1918  2382 D ActivityManager: checkAllowBackground: uid=10378 pkg=com.instagram.android startMode=2 onallowlist=false onallowlist(ei)=false
02-09 18:08:01.823  1918  3123 I MiuiNetworkPolicy: updateUidState uid = 10378, uidState = 11
02-09 18:08:01.943  1918  3242 I SmartPower: com.google.android.permissioncontroller/10210(32471): background->idle(11015ms) R(service end com.google.android.permissioncontroller/com.android.role.controller.service.RoleControllerServiceImpl) adj=100.
02-09 18:08:02.825  1918  6247 D ActivityManager: checkAllowBackground: uid=10378 pkg=com.instagram.android rec=UidRecord{d7bef20 u0a378 CEM  idle change:cached|procstate|procadj procs:0 seq(832190,828619)} caps=------ always=true idle=true
02-09 18:08:02.825  1918  3123 I MiuiNetworkPolicy: updateUidState uid = 10378, uidState = 19
02-09 18:08:02.826  1918  6247 I ActivityManager: App 10378/com.instagram.android targets O+, restricted
02-09 18:08:02.826  1918  6247 D ActivityManager: checkAllowBackground: uid=10378 pkg=com.instagram.android startMode=2 onallowlist=false onallowlist(ei)=false
02-09 18:08:02.826  1918  2382 D ActivityManager: checkAllowBackground: uid=10378 pkg=com.instagram.android rec=UidRecord{d7bef20 u0a378 CEM  idle change:cached|procstate|procadj procs:0 seq(832190,828619)} caps=------ always=true idle=true
02-09 18:08:02.826  1918  2382 I ActivityManager: App 10378/com.instagram.android targets O+, restricted
02-09 18:08:02.826  1918  2382 D ActivityManager: checkAllowBackground: uid=10378 pkg=com.instagram.android startMode=2 onallowlist=false onallowlist(ei)=false
02-09 18:08:02.828  1918  3123 I MiuiNetworkPolicy: updateUidState uid = 10378, uidState = 11
02-09 18:08:03.830  1918  3123 I MiuiNetworkPolicy: updateUidState uid = 10378, uidState = 19
02-09 18:08:03.830  1918  4287 D ActivityManager: checkAllowBackground: uid=10378 pkg=com.instagram.android rec=UidRecord{d7bef20 u0a378 CEM  idle change:cached|procstate|procadj procs:0 seq(832192,828619)} caps=------ always=true idle=true
02-09 18:08:03.830  1918  4287 I ActivityManager: App 10378/com.instagram.android targets O+, restricted
02-09 18:08:03.830  1918  4287 D ActivityManager: checkAllowBackground: uid=10378 pkg=com.instagram.android startMode=2 onallowlist=false onallowlist(ei)=false
02-09 18:08:03.831  1918  2382 D ActivityManager: checkAllowBackground: uid=10378 pkg=com.instagram.android rec=UidRecord{d7bef20 u0a378 CEM  idle change:cached|procstate|procadj procs:0 seq(832192,828619)} caps=------ always=true idle=true
02-09 18:08:03.831  1918  2382 I ActivityManager: App 10378/com.instagram.android targets O+, restricted
02-09 18:08:03.831  1918  2382 D ActivityManager: checkAllowBackground: uid=10378 pkg=com.instagram.android startMode=2 onallowlist=false onallowlist(ei)=false
02-09 18:08:03.833  1918  3123 I MiuiNetworkPolicy: updateUidState uid = 10378, uidState = 11
02-09 18:08:04.225  3908  3930 I Tethering: [BpfCoordinator] onAlertReached
02-09 18:08:04.707  1918  3964 I NetworkBoostStatusManager: handle: 107
02-09 18:08:04.710  3990  5065 E PhoneAdapter: get ntnphones failed, exception: java.lang.IllegalStateException: Default phones haven't been made yet!
02-09 18:08:04.711  1918  3964 D SLM-SRV-SLAService: isModemSingnalStrengthStatus = 0
02-09 18:08:04.724  3997  3997 D ArtChoreographerMonitor: invoke error.
02-09 18:08:04.742  1289  1289 E vendor.qti.hardware.perf@2.2-service: Unknown params
02-09 18:08:04.742  1289  1289 E ANDR-PERF-DATA-POOL: EventDataPool is Full
02-09 18:08:04.742  1289  1289 E ANDR-PERF-MPCTL: perf request submission limit reached.
02-09 18:08:04.807  1918  2921 W ActivityManagerServiceImpl: Sending non-protected broadcast miui.extm.action.mark from system uid 1000 pkg android. Callers=com.android.server.am.ActivityManagerService.checkBroadcastFromSystem:15246 com.android.server.am.ActivityManagerService.broadcastIntentLockedTraced:16076 com.android.server.am.ActivityManagerService.broadcastIntentLocked:15304 com.android.server.am.ActivityManagerService.broadcastIntentInPackage:16309 com.android.server.am.ActivityManagerService$LocalService.broadcastIntentInPackage:19055 
02-09 18:08:04.808  1918  2921 D AlarmManager: mBroadcastRefCount -> 1
02-09 18:08:04.812  1918  1918 I ExtM    : mark duration up to 2m , try to mark.
02-09 18:08:04.813  1918  1918 D MFZ     : Start Mark
02-09 18:08:04.813  1918  3764 D ExtM    : Start marking ...
02-09 18:08:04.813  1918  3764 W ExtM    : Mark thread start 
02-09 18:08:04.814   678  3361 D vold    : mark task started
02-09 18:08:04.816  3362  3362 D vold    :  mark Pid = 3362
02-09 18:08:04.816  3362  3362 E vold    : maxCpuFreq=2400000
02-09 18:08:04.816  3362  3362 E vold    : maxCpuFreq=2400000
02-09 18:08:04.816  3362  3362 D vold    : set cpu affinity policy success
02-09 18:08:04.835  1918  3123 I MiuiNetworkPolicy: updateUidState uid = 10378, uidState = 19
02-09 18:08:04.836  1918  6247 D ActivityManager: checkAllowBackground: uid=10378 pkg=com.instagram.android rec=UidRecord{d7bef20 u0a378 CEM  idle change:cached|procstate|procadj procs:0 seq(832256,828619)} caps=------ always=true idle=true
02-09 18:08:04.836  1918  6247 I ActivityManager: App 10378/com.instagram.android targets O+, restricted
02-09 18:08:04.836  1918  6247 D ActivityManager: checkAllowBackground: uid=10378 pkg=com.instagram.android startMode=2 onallowlist=false onallowlist(ei)=false
02-09 18:08:04.836  1918  2382 D ActivityManager: checkAllowBackground: uid=10378 pkg=com.instagram.android rec=UidRecord{d7bef20 u0a378 CEM  idle change:cached|procstate|procadj procs:0 seq(832256,828619)} caps=------ always=true idle=true
02-09 18:08:04.836  1918  2382 I ActivityManager: App 10378/com.instagram.android targets O+, restricted
02-09 18:08:04.836  1918  2382 D ActivityManager: checkAllowBackground: uid=10378 pkg=com.instagram.android startMode=2 onallowlist=false onallowlist(ei)=false
02-09 18:08:04.841  1918  3123 I MiuiNetworkPolicy: updateUidState uid = 10378, uidState = 11
02-09 18:08:04.876  1918  1918 D MFZ     : Mark Finshed ! idle_stats: 205 752 232 1480 73 11 51 1 38 34431
02-09 18:08:04.877  1918  1918 D CompatibilityChangeReporter: Compat change id reported: 171306433; UID 1000; state: ENABLED
02-09 18:08:04.877  1918  1918 D CompatibilityChangeReporter: Compat change id reported: 218533173; UID 1000; state: ENABLED
02-09 18:08:04.877  1918  1918 D ActivityManager: checkAllowBackground: uid=1000 pkg=android rec=UidRecord{426f06a 1000 PER  fgServices allowlist change:procadj procs:0 seq(832255,830027)} caps=LCMNFU always=false idle=false
02-09 18:08:04.877  1918  1918 E FileUtils: err write to mi_exception_log
02-09 18:08:04.877  1918  1918 D AlarmManager: mBroadcastRefCount -> 0
02-09 18:08:04.877  1918  1918 D AlarmManager: mPendingIntent -> PendingIntent{172f360: PendingIntentRecord{4a504ff android broadcastIntent}}
02-09 18:08:04.912  3997  3997 D ArtChoreographerMonitor: invoke error.
02-09 18:08:04.936  3362  3362 D vold    :  success write all > /sys/block/zram0/idle
02-09 18:08:05.316   678  3361 D vold    : mark process has been finished in normal with status: 0
02-09 18:08:05.316   678  3361 D vold    :  listener->onFinished 
02-09 18:08:05.316  1918  6248 W ExtM    : Mark finished with status: 0
02-09 18:08:05.393  3997  4240 D NetworkController.MobileSignalController(2): notifyListeners: mFeatureRelayData=false
02-09 18:08:05.394  3997  3997 D ArtChoreographerMonitor: invoke error.
02-09 18:08:05.395  3990  3990 D DynamicService: PhoneStateListener.onDataActivity: direction=3
02-09 18:08:05.395  3990  3990 D DynamicService: modem or radio power state change,messageType: 128 state: 3
02-09 18:08:05.395  3990  3990 D DynamicService: listeners is null or md controller is disable!!!
02-09 18:08:05.395  3990  3990 D DynamicService_WifiBt: PhoneStateListener.onDataActivity: direction=3
02-09 18:08:05.395  3990  3990 D DynamicService_WifiBt: modem or radio power state change,messageType: 128 state: 3
02-09 18:08:05.395  3990  3990 D WifiSarController: onStateChanged: type = 2, value = 1
02-09 18:08:05.397  3990  3990 D TelephonyManager: requestModemActivityInfo: Sending result to app: ModemActivityInfo{ mTimestamp=87287903 mSleepTimeMs=49958900 mIdleTimeMs=889498 mActivityStatsTechSpecificInfo=[{mRat=UNKNOWN,mFrequencyRange=UNKNOWN,mTxTimeMs[]=[428548, 955386, 1134230, 559846, 657518],mRxTimeMs=34850290}]}
02-09 18:08:05.397  3990  3990 E PhoneInterfaceManager: queryModemActivityInfo: invalid response
02-09 18:08:05.398  3990  3990 D TelephonyManager: requestModemActivityInfo: Sending result to app: ModemActivityInfo{ mTimestamp=87287903 mSleepTimeMs=49958900 mIdleTimeMs=889498 mActivityStatsTechSpecificInfo=[{mRat=UNKNOWN,mFrequencyRange=UNKNOWN,mTxTimeMs[]=[428548, 955386, 1134230, 559846, 657518],mRxTimeMs=34850290}]}
02-09 18:08:05.405  1289  1289 E vendor.qti.hardware.perf@2.2-service: Unknown params
02-09 18:08:05.405  1289  1289 E ANDR-PERF-DATA-POOL: EventDataPool is Full
02-09 18:08:05.405  1289  1289 E ANDR-PERF-MPCTL: perf request submission limit reached.
02-09 18:08:05.567  3997  3997 D ArtChoreographerMonitor: invoke error.
02-09 18:08:05.844  1918  3123 I MiuiNetworkPolicy: updateUidState uid = 10378, uidState = 19
02-09 18:08:05.844  1918 11180 D ActivityManager: checkAllowBackground: uid=10378 pkg=com.instagram.android rec=UidRecord{d7bef20 u0a378 CEM  idle change:cached|procstate|procadj procs:0 seq(832258,828619)} caps=------ always=true idle=true
02-09 18:08:05.844  1918 11180 I ActivityManager: App 10378/com.instagram.android targets O+, restricted
02-09 18:08:05.845  1918 11180 D ActivityManager: checkAllowBackground: uid=10378 pkg=com.instagram.android startMode=2 onallowlist=false onallowlist(ei)=false
02-09 18:08:05.845  1918  2382 D ActivityManager: checkAllowBackground: uid=10378 pkg=com.instagram.android rec=UidRecord{d7bef20 u0a378 CEM  idle change:cached|procstate|procadj procs:0 seq(832258,828619)} caps=------ always=true idle=true
02-09 18:08:05.845  1918  2382 I ActivityManager: App 10378/com.instagram.android targets O+, restricted
02-09 18:08:05.845  1918  2382 D ActivityManager: checkAllowBackground: uid=10378 pkg=com.instagram.android startMode=2 onallowlist=false onallowlist(ei)=false
02-09 18:08:05.847  1918  3123 I MiuiNetworkPolicy: updateUidState uid = 10378, uidState = 11
02-09 18:08:06.195  1918  2897 I SmartPower: com.google.android.permissioncontroller/10210(32471): idle->background(4252ms) R(service unbind com.google.android.permissioncontroller/com.android.role.controller.service.RoleControllerServiceImpl) adj=100.
02-09 18:08:06.197  1918  3123 I MiuiNetworkPolicy: updateUidState uid = 10210, uidState = 10
02-09 18:08:06.198  1918  3123 I MiuiNetworkPolicy: updateUidState uid = 10210, uidState = 19
02-09 18:08:06.849  1918  6248 D ActivityManager: checkAllowBackground: uid=10378 pkg=com.instagram.android rec=UidRecord{d7bef20 u0a378 CEM  idle change:cached|procstate|procadj procs:0 seq(832262,828619)} caps=------ always=true idle=true
02-09 18:08:06.849  1918  6248 I ActivityManager: App 10378/com.instagram.android targets O+, restricted
02-09 18:08:06.849  1918  6248 D ActivityManager: checkAllowBackground: uid=10378 pkg=com.instagram.android startMode=2 onallowlist=false onallowlist(ei)=false
02-09 18:08:06.849  1918  3123 I MiuiNetworkPolicy: updateUidState uid = 10378, uidState = 19
02-09 18:08:06.850  1918  2382 D ActivityManager: checkAllowBackground: uid=10378 pkg=com.instagram.android rec=UidRecord{d7bef20 u0a378 CEM  idle change:cached|procstate|procadj procs:0 seq(832262,828619)} caps=------ always=true idle=true
02-09 18:08:06.850  1918  2382 I ActivityManager: App 10378/com.instagram.android targets O+, restricted
02-09 18:08:06.850  1918  2382 D ActivityManager: checkAllowBackground: uid=10378 pkg=com.instagram.android startMode=2 onallowlist=false onallowlist(ei)=false
02-09 18:08:06.851  1918  3123 I MiuiNetworkPolicy: updateUidState uid = 10378, uidState = 11
02-09 18:08:07.854  1918 11180 D ActivityManager: checkAllowBackground: uid=10378 pkg=com.instagram.android rec=UidRecord{d7bef20 u0a378 CEM  idle change:cached|procstate|procadj procs:0 seq(832264,828619)} caps=------ always=true idle=true
02-09 18:08:07.854  1918 11180 I ActivityManager: App 10378/com.instagram.android targets O+, restricted
02-09 18:08:07.854  1918  3123 I MiuiNetworkPolicy: updateUidState uid = 10378, uidState = 19
02-09 18:08:07.854  1918 11180 D ActivityManager: checkAllowBackground: uid=10378 pkg=com.instagram.android startMode=2 onallowlist=false onallowlist(ei)=false
02-09 18:08:07.854  1918  2382 D ActivityManager: checkAllowBackground: uid=10378 pkg=com.instagram.android rec=UidRecord{d7bef20 u0a378 CEM  idle change:cached|procstate|procadj procs:0 seq(832264,828619)} caps=------ always=true idle=true
02-09 18:08:07.854  1918  2382 I ActivityManager: App 10378/com.instagram.android targets O+, restricted
02-09 18:08:07.854  1918  2382 D ActivityManager: checkAllowBackground: uid=10378 pkg=com.instagram.android startMode=2 onallowlist=false onallowlist(ei)=false
02-09 18:08:07.856  1918  3123 I MiuiNetworkPolicy: updateUidState uid = 10378, uidState = 11
02-09 18:08:08.405  3990  3990 D DynamicService: PhoneStateListener.onDataActivity: direction=0
02-09 18:08:08.405  3990  3990 D DynamicService: modem or radio power state change,messageType: 128 state: 0
02-09 18:08:08.405  3990  3990 D DynamicService: listeners is null or md controller is disable!!!
02-09 18:08:08.405  3990  3990 D DynamicService_WifiBt: PhoneStateListener.onDataActivity: direction=0
02-09 18:08:08.405  3990  3990 D DynamicService_WifiBt: modem or radio power state change,messageType: 128 state: 0
02-09 18:08:08.405  3990  3990 D WifiSarController: onStateChanged: type = 2, value = 0
02-09 18:08:08.405  3997  4240 D NetworkController.MobileSignalController(2): notifyListeners: mFeatureRelayData=false
02-09 18:08:08.407  3997  3997 D ArtChoreographerMonitor: invoke error.
02-09 18:08:08.416  1289  1289 E vendor.qti.hardware.perf@2.2-service: Unknown params
02-09 18:08:08.416  1289  1289 E ANDR-PERF-DATA-POOL: EventDataPool is Full
02-09 18:08:08.416  1289  1289 E ANDR-PERF-MPCTL: perf request submission limit reached.
02-09 18:08:08.574  3997  3997 D ArtChoreographerMonitor: invoke error.
02-09 18:08:08.728  3997  3997 D ArtChoreographerMonitor: invoke error.
02-09 18:08:08.738  1289  1289 E vendor.qti.hardware.perf@2.2-service: Unknown params
02-09 18:08:08.738  1289  1289 E ANDR-PERF-DATA-POOL: EventDataPool is Full
02-09 18:08:08.738  1289  1289 E ANDR-PERF-MPCTL: perf request submission limit reached.
02-09 18:08:08.858  1918  3123 I MiuiNetworkPolicy: updateUidState uid = 10378, uidState = 19
02-09 18:08:08.859  1918  6248 D ActivityManager: checkAllowBackground: uid=10378 pkg=com.instagram.android rec=UidRecord{d7bef20 u0a378 CEM  idle change:cached|procstate|procadj procs:0 seq(832266,828619)} caps=------ always=true idle=true
02-09 18:08:08.859  1918  6248 I ActivityManager: App 10378/com.instagram.android targets O+, restricted
